[2025-11-29 13:30:02] === Scheduled-Runner started ===
[2025-11-29 13:30:02] User=kapl  Computer=TEST-BI  FastMode=False
[2025-11-29 13:30:02] Batches: 5
[2025-11-29 13:30:02] ---- Batch 5 (13:30) ----
[2025-11-29 13:30:02] Master: \\192.168.1.237\Accounts\SURESH_KAKEE_AUTOMATION PROJECTS\Automation_Process\05 Data Update - 01.30 PM.xlsx
[2025-11-29 13:30:02] RunId : run-log_2025-11-29_Batch-5
[2025-11-29 13:30:02] Local copy: C:\Temp\ExcelAutomation\05 Data Update - 01.30 PM.xlsx
[2025-11-29 13:30:02] Invoking Run-Parallel.ps1 …
[2025-11-29 13:47:42] Run-Parallel.ps1 finished.
[2025-11-29 13:47:42] Exporting run_id 'run-log_2025-11-29_Batch-5' to C:\Users\kapl\Desktop\Project-Reporting-Automation\Logginfo\run-log_2025-11-29_Batch-5.csv …
[2025-11-29 13:47:42] Exported 20 rows.
[2025-11-29 13:47:42] Batch 5 CSV exported: C:\Users\kapl\Desktop\Project-Reporting-Automation\Logginfo\run-log_2025-11-29_Batch-5.csv
[2025-11-29 13:47:52] Email list found for batch 5 → \\192.168.1.237\Accounts\SURESH_KAKEE_AUTOMATION PROJECTS\Automation_Process\05 Mail after Data Process of - 01.30 PM Schedule.xlsx
[2025-11-29 13:47:52] Launching email sender for batch 5 …
[2025-11-29 13:47:52] Email cmd: C:\Users\kapl\AppData\Local\Programs\Python\Python313\python.exe -u "C:\Users\kapl\Desktop\Project-Reporting-Automation\Scripts\send_reports_configured.py" --batch 5 --email-list "\\192.168.1.237\Accounts\SURESH_KAKEE_AUTOMATION PROJECTS\Automation_Process\05 Mail after Data Process of - 01.30 PM Schedule.xlsx"
[2025-11-29 13:55:45] [email stdout] [2025-11-29 13:47:53][EmailRun] Processing Batch 5 for 2025-11-29 | email_run_id=email-log_2025-11-29_Batch-5
[2025-11-29 13:47:53][EmailRun] Email list: \\192.168.1.237\Accounts\SURESH_KAKEE_AUTOMATION PROJECTS\Automation_Process\05 Mail after Data Process of - 01.30 PM Schedule.xlsx
[2025-11-29 13:47:53][EmailRun] Parallel execution: 1 processes
[2025-11-29 13:47:53][EmailRun] Fallback hours: 18 hours
[2025-11-29 13:47:53][EmailRun] Force resend: False
[2025-11-29 13:48:02][EmailRun] Email 1: OK - To: Nagesh Sawant <Compounding@kotharigroupindia.com>, PVC Mixer <pvcmixer@kotharigroupindia.com>, Guru Mahindraker <rm.store@kotharigroupindia.com>, Granulator Deptartment <granulator@kotharigroupindia.com>
[2025-11-29 13:48:11][EmailRun] Email 2: OK - To: Ganesh Wadshingkar <cncu5@kotharigroupindia.com>, Swpanil Nimgade <store.consumable@kotharigroupindia.com>, Pramod Sutar <pramod.sutar@kotharigroupindia.com>, Mahesh Sutar <ppc1@kotharigroupindia.com>, Rohan naik <rohan.naik@kotharigroupindia.com>
[2025-11-29 13:49:20][EmailRun] Email 3: OK - To: manoj.kandare@kotharigroupindia.com
[2025-11-29 13:50:11][EmailRun] Email 4: OK - To: Nagesh Sawant <compounding@kotharigroupindia.com>, Amol Puranik <pe.rmstore@kotharigroupindia.com>, PVC Mixer <pvcmixer@kotharigroupindia.com>, Amol Puranik <pe.rmstore@kotharigroupindia.com>, Granulator Deptartment <granulator@kotharigroupindia.com>
[2025-11-29 13:51:12][EmailRun] Email 5: OK - To: manoj.kandare@kotharigroupindia.com
[2025-11-29 13:52:50][EmailRun] Email 6: OK - To: manoj.kandare@kotharigroupindia.com
[2025-11-29 13:53:03][EmailRun] Email 7: OK - To: Onkar Kadam <stocku5@kotharigroupindia.com>, Production Backoffice <production.backoffice@kotharigroupindia.com>, Hemant Zokarkar <hemant.zokarkar@kotharigroupindia.com>, Kiran Chaudhari <kiran.chaudhari@kotharigroupindia.com>
[2025-11-29 13:53:15][EmailRun] Email 8: OK - To: Onkar Kadam <stocku5@kotharigroupindia.com>, Production Backoffice <production.backoffice@kotharigroupindia.com>, Amit Gortyal <amit.gortyal@kotharigroupindia.com>, Alok Mohapatra <alok.mohapatra@kotharigroupindia.com>
[2025-11-29 13:53:25][EmailRun] Email 9: OK - To: Alok Mohapatra <alok.mohapatra@kotharigroupindia.com>, Onkar Kadam <stocku5@kotharigroupindia.com>, Production Backoffice <production.backoffice@kotharigroupindia.com>, Building Extrusion <building.extrusion@kotharigroupindia.com>
[2025-11-29 13:53:42][EmailRun] Email 10: OK - To: Datta Jadhav <pe@kotharigroupindia.com>, New Cell Drip <newcelldrip@kotharigroupindia.com>, Dinesh Pawar <sprinkler@kotharigroupindia.com>, Shrihari Gharbude <drip@kotharigroupindia.com>, "Rahul Chitte (MIS)" <operationsu4@kotharigroupindia.com>, Shivaji Chavan <ganesh.dalave@kotharigroupindia.com>, Vijay Kakde <logistics1@kotharigroupindia.com>
[2025-11-29 13:53:53][EmailRun] Email 11: OK - To: Pramod Sutar <pramod.sutar@kotharigroupindia.com>, Shivaji Chavan <ganesh.dalave@kotharigroupindia.com>, Vijay Kakde <logistics1@kotharigroupindia.com>, Mahesh Bhalekar <prodm3@kotharigroupindia.com>
[2025-11-29 13:54:03][EmailRun] Email 12: OK - To: Abhimanyu Tiwari <a.tiwari@kotharigroupindia.com>, Vijay Gangji <purchase4@kotharigroupindia.com>, vinay shaha <shaha.vinay@kotharigroupindia.com>
[2025-11-29 13:54:12][EmailRun] Email 13: OK - To: Ankur Shrivastava <ankur.shrivastava@kotharigroupindia.com>, Vijay Gangji <purchase4@kotharigroupindia.com>, vinay shaha <shaha.vinay@kotharigroupindia.com>
[2025-11-29 13:54:47][EmailRun] Email 14: OK - To: vinay shaha <shaha.vinay@kotharigroupindia.com>, Abhimanyu Tiwari <a.tiwari@kotharigroupindia.com>, Ankur Shrivastava <ankur.shrivastava@kotharigroupindia.com>
[2025-11-29 13:54:57][EmailRun] Email 15: OK - To: Yogesh Havale <rm.mhlstore@kotharigroupindia.com>
[2025-11-29 13:55:07][EmailRun] Email 16: OK - To: Abhimanyu Tiwari <a.tiwari@kotharigroupindia.com>
[2025-11-29 13:55:15][EmailRun] Email 17: OK - To: Ankur Shrivastava <ankur.shrivastava@kotharigroupindia.com>
[2025-11-29 13:55:24][EmailRun] Email 18: OK - To: Kiran Chaudhari <kiran.chaudhari@kotharigroupindia.com>, Alok Mohapatra <alok.mohapatra@kotharigroupindia.com>, Pramod Sutar <pramod.sutar@kotharigroupindia.com>
[2025-11-29 13:55:33][EmailRun] Email 19: OK - To: Kiran Chaudhari <kiran.chaudhari@kotharigroupindia.com>, Alok Mohapatra <alok.mohapatra@kotharigroupindia.com>, Pramod Sutar <pramod.sutar@kotharigroupindia.com>
[2025-11-29 13:55:45][EmailRun] Email 20: OK - To: Kiran Chaudhari <kiran.chaudhari@kotharigroupindia.com>, Alok Mohapatra <alok.mohapatra@kotharigroupindia.com>, Pramod Sutar <pramod.sutar@kotharigroupindia.com>
[2025-11-29 13:55:45][EmailRun] Email CSV exported: C:\Users\kapl\Desktop\Project-Reporting-Automation\Logginfo\email-log_2025-11-29_Batch-5.csv
[2025-11-29 13:55:45][EmailRun] Summary: OK=20 FAIL=0 SKIP=0
[2025-11-29 13:55:45] Email step completed successfully for batch 5.
[2025-11-29 13:55:45] Cleaning up lingering Excel…
[2025-11-29 13:55:50] === Summary: OK=1  FAIL=0  Total=1 ===
[2025-11-29 14:00:01] === Scheduled-Runner started ===
[2025-11-29 14:00:01] User=kapl  Computer=TEST-BI  FastMode=False
[2025-11-29 14:00:01] Batches: 6
[2025-11-29 14:00:01] ---- Batch 6 (14:00) ----
[2025-11-29 14:00:01] Master: \\192.168.1.237\Accounts\SURESH_KAKEE_AUTOMATION PROJECTS\Automation_Process\06 Data Update - 02.00 PM.xlsx
[2025-11-29 14:00:01] RunId : run-log_2025-11-29_Batch-6
[2025-11-29 14:00:01] Local copy: C:\Temp\ExcelAutomation\06 Data Update - 02.00 PM.xlsx
[2025-11-29 14:00:01] Invoking Run-Parallel.ps1 …
[2025-11-29 15:32:29] Run-Parallel.ps1 finished.
[2025-11-29 15:32:29] Exporting run_id 'run-log_2025-11-29_Batch-6' to C:\Users\kapl\Desktop\Project-Reporting-Automation\Logginfo\run-log_2025-11-29_Batch-6.csv …
[2025-11-29 15:32:29] Exported 154 rows.
[2025-11-29 15:32:29] Batch 6 CSV exported: C:\Users\kapl\Desktop\Project-Reporting-Automation\Logginfo\run-log_2025-11-29_Batch-6.csv
[2025-11-29 15:32:39] Email list found for batch 6 → \\192.168.1.237\Accounts\SURESH_KAKEE_AUTOMATION PROJECTS\Automation_Process\06 Mail after Data Process of - 02.00 PM Schedule.xlsx
[2025-11-29 15:32:39] Launching email sender for batch 6 …
[2025-11-29 15:32:39] Email cmd: C:\Users\kapl\AppData\Local\Programs\Python\Python313\python.exe -u "C:\Users\kapl\Desktop\Project-Reporting-Automation\Scripts\send_reports_configured.py" --batch 6 --email-list "\\192.168.1.237\Accounts\SURESH_KAKEE_AUTOMATION PROJECTS\Automation_Process\06 Mail after Data Process of - 02.00 PM Schedule.xlsx"
[2025-11-29 15:34:11] [email stdout] [2025-11-29 15:32:40][EmailRun] Processing Batch 6 for 2025-11-29 | email_run_id=email-log_2025-11-29_Batch-6
[2025-11-29 15:32:40][EmailRun] Email list: \\192.168.1.237\Accounts\SURESH_KAKEE_AUTOMATION PROJECTS\Automation_Process\06 Mail after Data Process of - 02.00 PM Schedule.xlsx
[2025-11-29 15:32:40][EmailRun] Parallel execution: 1 processes
[2025-11-29 15:32:40][EmailRun] Fallback hours: 18 hours
[2025-11-29 15:32:40][EmailRun] Force resend: False
[2025-11-29 15:32:50][EmailRun] Email 1: OK - To: Ganesh Wadshingkar <cncu5@kotharigroupindia.com>
[2025-11-29 15:33:01][EmailRun] Email 2: OK - To: PVC Mixer <pvcmixer@kotharigroupindia.com>, Alok Mohapatra <alok.mohapatra@kotharigroupindia.com>, Building Extrusion <building.extrusion@kotharigroupindia.com>
[2025-11-29 15:33:13][EmailRun] Email 3: OK - To: Swapnil Nimgade <store.consumable@kotharigroupindia.com>
[2025-11-29 15:33:28][EmailRun] Email 4: OK - To: Ashish Kumar Singh <ashishkumar.singh@kotharigroupindia.com>, Vipin Kumar <vipin.kumar@kotharigroupindia.com>
[2025-11-29 15:33:45][EmailRun] Email 5: OK - To: Kiran Chaudhari <kiran.chaudhari@kotharigroupindia.com>, Hemant Zokarkar <hemant.zokarkar@kotharigroupindia.com>, Nagesh Sawant <compounding@kotharigroupindia.com>, Granulator Deptartment <granulator@kotharigroupindia.com>
[2025-11-29 15:34:00][EmailRun] Email 6: OK - To: satyendra.singh@kotharigroupindia.com
[2025-11-29 15:34:11][EmailRun] Email 7: OK - To: Pramod Sutar <pramod.sutar@kotharigroupindia.com>, Mahesh Bhalekar <prodm3@kotharigroupindia.com>
[2025-11-29 15:34:11][EmailRun] Email CSV exported: C:\Users\kapl\Desktop\Project-Reporting-Automation\Logginfo\email-log_2025-11-29_Batch-6.csv
[2025-11-29 15:34:11][EmailRun] Summary: OK=7 FAIL=0 SKIP=0
[2025-11-29 15:34:11] Email step completed successfully for batch 6.
[2025-11-29 15:34:11] Cleaning up lingering Excel…
[2025-11-29 15:34:16] === Summary: OK=1  FAIL=0  Total=1 ===
[2025-11-29 19:39:12] === Scheduled-Runner started ===
[2025-11-29 19:39:12] User=kapl  Computer=TEST-BI  FastMode=False
[2025-11-29 19:39:12] Batches: 7
[2025-11-29 19:39:12] ---- Batch 7 (Test) ----
[2025-11-29 19:39:12] Master: C:\Users\kapl\Desktop\Project-Reporting-Automation\Master-sheet\07-Test-Master-File.xlsx
[2025-11-29 19:39:12] RunId : run-log_2025-11-29_Batch-7
[2025-11-29 19:39:12] Local copy: C:\Temp\ExcelAutomation\07-Test-Master-File.xlsx
[2025-11-29 19:39:12] Invoking Run-Parallel.ps1 …
[2025-11-29 19:39:29] Run-Parallel.ps1 finished.
[2025-11-29 19:39:29] Exporting run_id 'run-log_2025-11-29_Batch-7' to C:\Users\kapl\Desktop\Project-Reporting-Automation\Logginfo\run-log_2025-11-29_Batch-7.csv …
[2025-11-29 19:39:29] Exported 2 rows.
[2025-11-29 19:39:29] Batch 7 CSV exported: C:\Users\kapl\Desktop\Project-Reporting-Automation\Logginfo\run-log_2025-11-29_Batch-7.csv
[2025-11-29 19:39:39] No email step configured for batch 7 — skipping.
[2025-11-29 19:39:39] Cleaning up lingering Excel…
[2025-11-29 19:39:43] === Summary: OK=1  FAIL=0  Total=1 ===
